// Jest Snapshot v1, https://goo.gl/fbAQLP

exports[`ChangeServer component should render correctly 1`] = `
<ContextProvider
  value={
    {
      "getServerState": undefined,
      "noopCheck": "once",
      "stabilityCheck": "once",
      "store": {
        "clearActions": [Function],
        "dispatch": [Function],
        "getActions": [Function],
        "getState": [Function],
        "replaceReducer": [Function],
        "subscribe": [Function],
      },
      "subscription": {
        "addNestedSub": [Function],
        "getListeners": [Function],
        "handleChangeWrapper": [Function],
        "isSubscribed": [Function],
        "notifyNestedSubs": [Function],
        "trySubscribe": [Function],
        "tryUnsubscribe": [Function],
      },
    }
  }
>
  <ChangeServer
    navigation={
      {
        "canGoBack": [MockFunction],
        "dispatch": [MockFunction],
        "goBack": [MockFunction],
        "isFocused": [MockFunction],
        "navigate": [MockFunction],
        "reset": [MockFunction],
      }
    }
    route={
      {
        "key": "test-key",
        "name": "Home",
      }
    }
  />
</ContextProvider>
`;
